// Vitest Snapshot v1, https://vitest.dev/guide/snapshot.html

exports[`ProjectListSkeleton > matches snapshot 1`] = `
<rn-View
  className="flex-1 px-5 pt-4 gap-3"
>
  <rn-View
    className="flex-row items-center gap-3 rounded-lg border border-dashed border-border bg-surface-muted p-4"
  >
    <rn-View
      className="bg-muted"
      style={
        [
          {
            "borderRadius": 8,
            "height": 40,
            "width": 40,
          },
          {
            "opacity": 0.35,
          },
          undefined,
        ]
      }
    />
    <rn-View
      className="flex-1 gap-2"
    >
      <rn-View
        className="bg-muted"
        style={
          [
            {
              "borderRadius": 6,
              "height": 16,
              "width": "45%",
            },
            {
              "opacity": 0.35,
            },
            undefined,
          ]
        }
      />
      <rn-View
        className="bg-muted"
        style={
          [
            {
              "borderRadius": 6,
              "height": 12,
              "width": "70%",
            },
            {
              "opacity": 0.35,
            },
            undefined,
          ]
        }
      />
    </rn-View>
  </rn-View>
  <rn-View
    style={
      {
        "height": 12,
      }
    }
  />
  <rn-View
    className="rounded-lg border border-border bg-surface-emphasis p-4 gap-3"
  >
    <rn-View
      className="flex-row items-center gap-3"
    >
      <rn-View
        className="bg-muted"
        style={
          [
            {
              "borderRadius": 6,
              "height": 18,
              "width": "60%",
            },
            {
              "opacity": 0.35,
            },
            undefined,
          ]
        }
      />
      <rn-View
        className="bg-muted"
        style={
          [
            {
              "borderRadius": 6,
              "height": 12,
              "width": 48,
            },
            {
              "opacity": 0.35,
            },
            undefined,
          ]
        }
      />
    </rn-View>
    <rn-View
      className="flex-row items-center gap-3"
    >
      <rn-View
        className="bg-muted"
        style={
          [
            {
              "borderRadius": 7,
              "height": 14,
              "width": 14,
            },
            {
              "opacity": 0.35,
            },
            undefined,
          ]
        }
      />
      <rn-View
        className="bg-muted"
        style={
          [
            {
              "borderRadius": 6,
              "height": 14,
              "width": "50%",
            },
            {
              "opacity": 0.35,
            },
            undefined,
          ]
        }
      />
    </rn-View>
    <rn-View
      className="flex-row items-center gap-3"
    >
      <rn-View
        className="bg-muted"
        style={
          [
            {
              "borderRadius": 6,
              "height": 12,
              "width": 12,
            },
            {
              "opacity": 0.35,
            },
            undefined,
          ]
        }
      />
      <rn-View
        className="bg-muted"
        style={
          [
            {
              "borderRadius": 6,
              "height": 12,
              "width": "35%",
            },
            {
              "opacity": 0.35,
            },
            undefined,
          ]
        }
      />
    </rn-View>
  </rn-View>
  <rn-View
    className="rounded-lg border border-border bg-surface-emphasis p-4 gap-3"
  >
    <rn-View
      className="flex-row items-center gap-3"
    >
      <rn-View
        className="bg-muted"
        style={
          [
            {
              "borderRadius": 6,
              "height": 18,
              "width": "60%",
            },
            {
              "opacity": 0.35,
            },
            undefined,
          ]
        }
      />
      <rn-View
        className="bg-muted"
        style={
          [
            {
              "borderRadius": 6,
              "height": 12,
              "width": 48,
            },
            {
              "opacity": 0.35,
            },
            undefined,
          ]
        }
      />
    </rn-View>
    <rn-View
      className="flex-row items-center gap-3"
    >
      <rn-View
        className="bg-muted"
        style={
          [
            {
              "borderRadius": 7,
              "height": 14,
              "width": 14,
            },
            {
              "opacity": 0.35,
            },
            undefined,
          ]
        }
      />
      <rn-View
        className="bg-muted"
        style={
          [
            {
              "borderRadius": 6,
              "height": 14,
              "width": "50%",
            },
            {
              "opacity": 0.35,
            },
            undefined,
          ]
        }
      />
    </rn-View>
    <rn-View
      className="flex-row items-center gap-3"
    >
      <rn-View
        className="bg-muted"
        style={
          [
            {
              "borderRadius": 6,
              "height": 12,
              "width": 12,
            },
            {
              "opacity": 0.35,
            },
            undefined,
          ]
        }
      />
      <rn-View
        className="bg-muted"
        style={
          [
            {
              "borderRadius": 6,
              "height": 12,
              "width": "35%",
            },
            {
              "opacity": 0.35,
            },
            undefined,
          ]
        }
      />
    </rn-View>
  </rn-View>
  <rn-View
    className="rounded-lg border border-border bg-surface-emphasis p-4 gap-3"
  >
    <rn-View
      className="flex-row items-center gap-3"
    >
      <rn-View
        className="bg-muted"
        style={
          [
            {
              "borderRadius": 6,
              "height": 18,
              "width": "60%",
            },
            {
              "opacity": 0.35,
            },
            undefined,
          ]
        }
      />
      <rn-View
        className="bg-muted"
        style={
          [
            {
              "borderRadius": 6,
              "height": 12,
              "width": 48,
            },
            {
              "opacity": 0.35,
            },
            undefined,
          ]
        }
      />
    </rn-View>
    <rn-View
      className="flex-row items-center gap-3"
    >
      <rn-View
        className="bg-muted"
        style={
          [
            {
              "borderRadius": 7,
              "height": 14,
              "width": 14,
            },
            {
              "opacity": 0.35,
            },
            undefined,
          ]
        }
      />
      <rn-View
        className="bg-muted"
        style={
          [
            {
              "borderRadius": 6,
              "height": 14,
              "width": "50%",
            },
            {
              "opacity": 0.35,
            },
            undefined,
          ]
        }
      />
    </rn-View>
    <rn-View
      className="flex-row items-center gap-3"
    >
      <rn-View
        className="bg-muted"
        style={
          [
            {
              "borderRadius": 6,
              "height": 12,
              "width": 12,
            },
            {
              "opacity": 0.35,
            },
            undefined,
          ]
        }
      />
      <rn-View
        className="bg-muted"
        style={
          [
            {
              "borderRadius": 6,
              "height": 12,
              "width": "35%",
            },
            {
              "opacity": 0.35,
            },
            undefined,
          ]
        }
      />
    </rn-View>
  </rn-View>
</rn-View>
`;
