// Vitest Snapshot v1, https://vitest.dev/guide/snapshot.html

exports[`CameraCapture > matches snapshot — granted, empty 1`] = `
<rn-View
  className="flex-1 bg-black"
  testID="camera-capture-root"
>
  <rn-CameraView
    facing="back"
    flash="off"
    mode="picture"
    pictureSize="1920x1080"
    responsiveOrientationWhenOrientationLocked={false}
    style={
      {
        "bottom": 0,
        "left": 0,
        "position": "absolute",
        "right": 0,
        "top": 0,
      }
    }
  />
  <rn-SafeAreaView
    className="absolute inset-0 justify-end"
    pointerEvents="box-none"
  >
    <rn-View
      className="absolute top-0 left-0 right-0 h-14 px-4 flex-row items-center justify-between"
      style={
        {
          "backgroundColor": "rgba(0,0,0,0.35)",
        }
      }
    >
      <rn-Pressable
        accessibilityLabel="Cancel"
        accessibilityRole="button"
        className="w-11 h-11 rounded-full items-center justify-center"
        onPress={[Function]}
        style={
          {
            "backgroundColor": "rgba(0,0,0,0.35)",
          }
        }
        testID="btn-camera-cancel"
      >
        <lucide-X
          color="#ffffff"
          size={24}
        />
      </rn-Pressable>
      <rn-Pressable
        accessibilityLabel="Flash off"
        accessibilityRole="button"
        className="w-11 h-11 rounded-full items-center justify-center"
        onPress={[Function]}
        style={
          {
            "backgroundColor": "rgba(0,0,0,0.35)",
          }
        }
        testID="btn-camera-flash"
      >
        <lucide-ZapOff
          color="#ffffff"
          size={22}
        />
        <rn-Text
          className="text-white text-[9px] mt-0.5 uppercase tracking-wider"
        >
          off
        </rn-Text>
      </rn-Pressable>
    </rn-View>
    <rn-View
      className="flex-1"
    />
    <rn-View
      className="flex-row items-center px-3 pb-2 gap-2"
    >
      <rn-ScrollView
        className="flex-grow-0 flex-shrink"
        contentContainerStyle={
          {
            "alignItems": "center",
            "gap": 6,
          }
        }
        horizontal={true}
        showsHorizontalScrollIndicator={false}
      />
      <rn-Pressable
        accessibilityLabel="Flip camera"
        accessibilityRole="button"
        className="w-11 h-11 rounded-full items-center justify-center ml-auto"
        onPress={[Function]}
        style={
          {
            "backgroundColor": "rgba(0,0,0,0.35)",
          }
        }
        testID="btn-camera-flip"
      >
        <lucide-RefreshCw
          color="#ffffff"
          size={22}
        />
      </rn-Pressable>
    </rn-View>
    <rn-View
      className="items-center py-3"
    >
      <rn-Pressable
        accessibilityLabel="Take photo"
        accessibilityRole="button"
        disabled={false}
        onPress={[Function]}
        style={[Function]}
        testID="btn-camera-shutter"
      >
        <rn-View
          style={
            {
              "backgroundColor": "#ffffff",
              "borderRadius": 30,
              "height": 60,
              "width": 60,
            }
          }
        />
      </rn-Pressable>
    </rn-View>
    <rn-View
      className="px-4 pb-4 pt-1 flex-row items-center justify-between gap-3"
    >
      <rn-Text
        className="text-white text-sm font-medium"
        testID="lbl-camera-count"
      >
        No photos
      </rn-Text>
      <rn-Pressable
        className="flex-row items-center justify-center rounded-md border border-primary bg-primary active:opacity-85 min-h-touch px-4 py-3 opacity-50"
        disabled={true}
        onPress={[Function]}
        style={
          [
            {
              "elevation": 2,
              "shadowColor": "#1a1a2e",
              "shadowOffset": {
                "height": 2,
                "width": 0,
              },
              "shadowOpacity": 0.08,
              "shadowRadius": 8,
            },
            undefined,
          ]
        }
        testID="btn-camera-done"
      >
        <rn-Text
          className="text-primary-foreground font-semibold text-base"
        >
          Done
        </rn-Text>
      </rn-Pressable>
    </rn-View>
  </rn-SafeAreaView>
  <rn-Modal
    animationType="slide"
    onRequestClose={[Function]}
    transparent={true}
    visible={false}
  >
    <rn-Pressable
      className="flex-1 justify-end bg-black/40"
      onPress={[Function]}
    >
      <rn-Pressable
        className="bg-background pb-10"
        onPress={[Function]}
        testID="dialog-sheet"
      >
        <rn-View
          className="flex-row items-center justify-between border-b border-border px-5 py-4"
        >
          <rn-Text
            className="text-xl font-bold text-foreground"
          >
            Discard photos?
          </rn-Text>
          <rn-Pressable
            disabled={false}
            hitSlop={12}
            onPress={[Function]}
          >
            <lucide-X
              color="#5f5b66"
              size={20}
            />
          </rn-Pressable>
        </rn-View>
        <rn-View
          className="gap-4 px-5 pt-4"
        >
          <rn-View
            className="rounded-md border px-4 py-3 border-danger-border bg-danger-soft"
            style={
              {
                "elevation": 2,
                "shadowColor": "#1a1a2e",
                "shadowOffset": {
                  "height": 2,
                  "width": 0,
                },
                "shadowOpacity": 0.08,
                "shadowRadius": 8,
              }
            }
          >
            <rn-Text
              className="text-sm text-danger-text"
              selectable={true}
            >
              You have 0 unsaved photos.
            </rn-Text>
          </rn-View>
          <rn-View
            className="gap-3"
          >
            <rn-Pressable
              className="flex-row items-center rounded-md border border-danger-border bg-danger-soft active:opacity-85 min-h-touch px-5 py-3.5 justify-center"
              disabled={false}
              onPress={[Function]}
              style={
                [
                  {
                    "elevation": 2,
                    "shadowColor": "#1a1a2e",
                    "shadowOffset": {
                      "height": 2,
                      "width": 0,
                    },
                    "shadowOpacity": 0.08,
                    "shadowRadius": 8,
                  },
                  undefined,
                ]
              }
              testID="btn-camera-confirm-discard"
            >
              <rn-Text
                className="text-danger-text font-semibold text-base"
              >
                Discard
              </rn-Text>
            </rn-Pressable>
            <rn-Pressable
              className="flex-row items-center rounded-md bg-transparent active:bg-secondary min-h-touch px-5 py-3.5 justify-center"
              disabled={false}
              onPress={[Function]}
              style={
                [
                  {
                    "elevation": 0,
                    "shadowColor": "#1a1a2e",
                    "shadowOffset": {
                      "height": 0,
                      "width": 0,
                    },
                    "shadowOpacity": 0,
                    "shadowRadius": 0,
                  },
                  undefined,
                ]
              }
              testID="btn-camera-keep-editing"
            >
              <rn-Text
                className="text-muted-foreground font-semibold text-base"
              >
                Keep editing
              </rn-Text>
            </rn-Pressable>
          </rn-View>
        </rn-View>
      </rn-Pressable>
    </rn-Pressable>
  </rn-Modal>
</rn-View>
`;
