// Vitest Snapshot v1, https://vitest.dev/guide/snapshot.html

exports[`Onboarding > matches snapshot at default props 1`] = `
<rn-View
  className="flex-1 bg-background"
  style={
    [
      {
        "paddingBottom": 34,
        "paddingLeft": 0,
        "paddingRight": 0,
        "paddingTop": 44,
      },
      undefined,
    ]
  }
  testID="screen-onboarding"
>
  <rn-KeyboardAvoidingView
    behavior="padding"
    className="flex-1"
  >
    <rn-ScrollView
      className="flex-1"
      contentContainerClassName="grow px-6 py-10"
      keyboardShouldPersistTaps="handled"
    >
      <rn-View
        className="w-full max-w-sm self-center"
      >
        <rn-View
          className="flex-row items-center gap-3"
        >
          <rn-Image
            accessibilityLabel="Harpa Pro"
            className="h-12 w-12 rounded-lg"
            resizeMode="contain"
            source="/assets/icon.png"
          />
          <rn-View
            className="flex-1"
          >
            <rn-Text
              className="text-display text-foreground"
            >
              Welcome
            </rn-Text>
            <rn-Text
              className="text-body text-muted-foreground"
            >
              Finish your account details so reports and projects are labeled correctly from day one.
            </rn-Text>
          </rn-View>
        </rn-View>
        <rn-View
          className="mt-8 gap-4"
        >
          <rn-View
            className="gap-2"
          >
            <rn-Text
              className="text-label text-muted-foreground"
            >
              Full Name
            </rn-Text>
            <rn-TextInput
              autoCapitalize="words"
              autoComplete="name"
              autoFocus={true}
              className="min-h-touch rounded-md border px-4 py-3 text-base text-foreground border-border bg-card"
              editable={true}
              onChangeText={[MockFunction spy]}
              placeholder="John Smith"
              placeholderTextColor="#5f5b66"
              style={
                [
                  {
                    "elevation": 2,
                    "shadowColor": "#1a1a2e",
                    "shadowOffset": {
                      "height": 2,
                      "width": 0,
                    },
                    "shadowOpacity": 0.08,
                    "shadowRadius": 8,
                  },
                  {
                    "paddingBottom": 0,
                    "paddingTop": 0,
                    "textAlignVertical": "center",
                  },
                  undefined,
                ]
              }
              testID="input-onboarding-name"
              value=""
            />
            <rn-Text
              className="text-sm text-muted-foreground"
            >
              Use the name teammates will recognize in shared reports.
            </rn-Text>
          </rn-View>
          <rn-View
            className="gap-2"
          >
            <rn-Text
              className="text-label text-muted-foreground"
            >
              Company Name
            </rn-Text>
            <rn-TextInput
              autoCapitalize="words"
              autoComplete="organization"
              className="min-h-touch rounded-md border px-4 py-3 text-base text-foreground border-border bg-card"
              editable={true}
              onChangeText={[MockFunction spy]}
              placeholder="Smith Construction LLC"
              placeholderTextColor="#5f5b66"
              style={
                [
                  {
                    "elevation": 2,
                    "shadowColor": "#1a1a2e",
                    "shadowOffset": {
                      "height": 2,
                      "width": 0,
                    },
                    "shadowOpacity": 0.08,
                    "shadowRadius": 8,
                  },
                  {
                    "paddingBottom": 0,
                    "paddingTop": 0,
                    "textAlignVertical": "center",
                  },
                  undefined,
                ]
              }
              testID="input-onboarding-company"
              value=""
            />
            <rn-Text
              className="text-sm text-muted-foreground"
            >
              This shows on profile and exported report details.
            </rn-Text>
          </rn-View>
          <rn-Pressable
            className="flex-row items-center justify-center rounded-md border border-accent bg-accent active:opacity-85 min-h-touch-lg px-6 py-4 w-full"
            disabled={false}
            onPress={[MockFunction spy]}
            style={
              [
                {
                  "elevation": 4,
                  "shadowColor": "#1a1a2e",
                  "shadowOffset": {
                    "height": 4,
                    "width": 0,
                  },
                  "shadowOpacity": 0.12,
                  "shadowRadius": 14,
                },
                undefined,
              ]
            }
            testID="btn-onboarding-submit"
          >
            <rn-Text
              className="text-accent-foreground font-semibold text-lg"
            >
              Get Started
            </rn-Text>
          </rn-Pressable>
        </rn-View>
      </rn-View>
    </rn-ScrollView>
  </rn-KeyboardAvoidingView>
</rn-View>
`;
