// Vitest Snapshot v1, https://vitest.dev/guide/snapshot.html

exports[`SignInVerify > matches snapshot at default props 1`] = `
<rn-View
  className="flex-1 bg-background"
  style={
    [
      {
        "paddingBottom": 34,
        "paddingLeft": 0,
        "paddingRight": 0,
        "paddingTop": 44,
      },
      undefined,
    ]
  }
>
  <rn-KeyboardAvoidingView
    behavior="padding"
    className="flex-1"
  >
    <rn-ScrollView
      className="flex-1"
      contentContainerClassName="grow px-6 py-10"
      keyboardShouldPersistTaps="handled"
    >
      <rn-View
        className="w-full max-w-sm self-center"
      >
        <rn-View
          className="flex-row items-center gap-3"
        >
          <rn-View
            className="h-12 w-12 items-center justify-center rounded-lg bg-primary"
          >
            <lucide-HardHat
              color="#f8f6f1"
              size={24}
            />
          </rn-View>
          <rn-View
            className="flex-1"
          >
            <rn-Text
              className="text-display text-foreground"
            >
              Harpa Pro
            </rn-Text>
          </rn-View>
        </rn-View>
        <rn-View
          className="mt-8 gap-4"
        >
          <rn-View>
            <rn-Text
              className="text-base text-foreground mb-1"
              selectable={true}
            >
              +15551234567
            </rn-Text>
            <rn-Text
              className="text-sm text-muted-foreground"
            >
              Code sent to 
              +15551234567
            </rn-Text>
          </rn-View>
          <rn-View
            className="gap-2"
          >
            <rn-Text
              className="text-label text-muted-foreground"
            >
              Verification Code
            </rn-Text>
            <rn-TextInput
              autoComplete="one-time-code"
              className="min-h-touch rounded-md border px-4 py-3 text-base text-foreground border-border bg-card"
              editable={true}
              keyboardType="number-pad"
              maxLength={6}
              onChangeText={[MockFunction spy]}
              placeholder="123456"
              placeholderTextColor="#5f5b66"
              style={
                [
                  {
                    "elevation": 2,
                    "shadowColor": "#1a1a2e",
                    "shadowOffset": {
                      "height": 2,
                      "width": 0,
                    },
                    "shadowOpacity": 0.08,
                    "shadowRadius": 8,
                  },
                  {
                    "paddingBottom": 0,
                    "paddingTop": 0,
                    "textAlignVertical": "center",
                  },
                  undefined,
                ]
              }
              testID="input-otp"
              value=""
            />
            <rn-Text
              className="text-sm text-muted-foreground"
            >
              Most phones can autofill the code from Messages.
            </rn-Text>
          </rn-View>
          <rn-View
            className="gap-3"
          >
            <rn-Pressable
              className="flex-row items-center justify-center rounded-md border border-accent bg-accent active:opacity-85 min-h-touch-lg px-6 py-4 opacity-50 w-full"
              disabled={true}
              onPress={[MockFunction spy]}
              style={
                [
                  {
                    "elevation": 4,
                    "shadowColor": "#1a1a2e",
                    "shadowOffset": {
                      "height": 4,
                      "width": 0,
                    },
                    "shadowOpacity": 0.12,
                    "shadowRadius": 14,
                  },
                  undefined,
                ]
              }
              testID="btn-verify-code"
            >
              <rn-Text
                className="text-accent-foreground font-semibold text-lg"
              >
                Verify Code
              </rn-Text>
            </rn-Pressable>
            <rn-Pressable
              className="flex-row items-center justify-center rounded-md border border-border bg-card active:opacity-90 min-h-touch-lg px-6 py-4 w-full"
              disabled={false}
              onPress={[MockFunction spy]}
              style={
                [
                  {
                    "elevation": 2,
                    "shadowColor": "#1a1a2e",
                    "shadowOffset": {
                      "height": 2,
                      "width": 0,
                    },
                    "shadowOpacity": 0.08,
                    "shadowRadius": 8,
                  },
                  undefined,
                ]
              }
              testID="btn-change-number"
            >
              <rn-Text
                className="text-foreground font-semibold text-lg"
              >
                Change Number
              </rn-Text>
            </rn-Pressable>
          </rn-View>
          <rn-Pressable
            accessibilityRole="button"
            className="items-center py-2"
            disabled={false}
            onPress={[MockFunction spy]}
            testID="link-resend-code"
          >
            <rn-Text
              className="text-sm text-muted-foreground"
            >
              Didn't get the code?
               
              <rn-Text
                className="font-semibold underline text-foreground"
              >
                Resend Code
              </rn-Text>
            </rn-Text>
          </rn-Pressable>
        </rn-View>
      </rn-View>
    </rn-ScrollView>
  </rn-KeyboardAvoidingView>
</rn-View>
`;
